============================= test session starts =============================
platform win32 -- Python 3.13.9, pytest-9.0.2, pluggy-1.6.0 -- C:\Users\karup\AppData\Local\Microsoft\WindowsApps\PythonSoftwareFoundation.Python.3.13_qbz5n2kfra8p0\python.exe
cachedir: .pytest_cache
rootdir: C:\Users\karup\projects\SOC Copilot
configfile: pyproject.toml
plugins: anyio-4.12.0, cov-7.0.0
collecting ... collected 20 items

tests/unit/test_config_panel.py::TestConfigManager::test_load_empty_config PASSED [  5%]
tests/unit/test_config_panel.py::TestConfigManager::test_save_and_load_config PASSED [ 10%]
tests/unit/test_config_panel.py::TestConfigManager::test_get_system_logs_enabled_default PASSED [ 15%]
tests/unit/test_config_panel.py::TestConfigManager::test_set_system_logs_enabled PASSED [ 20%]
tests/unit/test_config_panel.py::TestConfigManager::test_set_system_logs_disabled PASSED [ 25%]
tests/unit/test_config_panel.py::TestConfigManager::test_preserves_existing_config PASSED [ 30%]
tests/unit/test_config_panel.py::TestConfigManager::test_get_config_summary PASSED [ 35%]
tests/unit/test_config_panel.py::TestConfigManager::test_yaml_format_preserved PASSED [ 40%]
tests/unit/test_config_panel.py::TestConfigManager::test_handles_invalid_yaml FAILED [ 45%]
tests/unit/test_config_panel.py::TestConfigPanelLogic::test_status_color_mapping PASSED [ 50%]
tests/unit/test_config_panel.py::TestConfigPanelLogic::test_ingestion_status_logic PASSED [ 55%]
tests/unit/test_config_panel.py::TestConfigPanelLogic::test_logs_enabled_indicator PASSED [ 60%]
tests/unit/test_config_panel.py::TestConfigPanelLogic::test_kill_switch_indicator PASSED [ 65%]
tests/unit/test_config_panel.py::TestConfigSafety::test_no_ml_imports PASSED [ 70%]
tests/unit/test_config_panel.py::TestConfigSafety::test_no_pipeline_imports PASSED [ 75%]
tests/unit/test_config_panel.py::TestConfigSafety::test_no_ingestion_start PASSED [ 80%]
tests/unit/test_config_panel.py::TestConfigSafety::test_no_network_calls PASSED [ 85%]
tests/unit/test_config_panel.py::TestConfigIntegration::test_real_yaml_file_format PASSED [ 90%]
tests/unit/test_config_panel.py::TestConfigIntegration::test_toggle_does_not_start_ingestion PASSED [ 95%]
tests/unit/test_config_panel.py::TestConfigIntegration::test_config_survives_restart PASSED [100%]

================================== FAILURES ===================================
_________________ TestConfigManager.test_handles_invalid_yaml _________________
tests\unit\test_config_panel.py:145: in test_handles_invalid_yaml
    assert config == {}
E   AssertionError: assert ':::invalid yaml:::{{' == {}
=========================== short test summary info ===========================
FAILED tests/unit/test_config_panel.py::TestConfigManager::test_handles_invalid_yaml - AssertionError: assert ':::invalid yaml:::{{' == {}
======================== 1 failed, 19 passed in 1.17s =========================
